[22:33:24] [main/WARN] (FabricLoader/Knot) Class path entries reference missing files: D:\Git Repos\The-Corners\fabric\build\classes\kotlin\main - the game may not load properly!
[22:33:24] [main/INFO] (FabricLoader/GameProvider) Loading Minecraft 1.21.1 with Fabric Loader 0.16.14
[22:33:24] [main/INFO] (FabricLoader) Loading 62 mods:
	- cloth-basic-math 0.6.1
	- cloth-config 15.0.140
	- corners 13.0.1
	- fabric-api 0.116.6+1.21.1
	- fabric-api-base 0.4.42+6573ed8c19
	- fabric-api-lookup-api-v1 1.6.71+b559734419
	- fabric-biome-api-v1 13.0.31+d527f9fd19
	- fabric-block-api-v1 1.1.0+0bc3503219
	- fabric-block-view-api-v2 1.0.11+ebb2264e19
	- fabric-blockrenderlayer-v1 1.1.52+0af3f5a719
	- fabric-client-tags-api-v1 1.1.15+6573ed8c19
	- fabric-command-api-v1 1.2.49+f71b366f19
	- fabric-command-api-v2 2.2.28+6ced4dd919
	- fabric-commands-v0 0.2.66+df3654b319
	- fabric-content-registries-v0 8.0.19+b559734419
	- fabric-convention-tags-v1 2.1.5+7f945d5b19
	- fabric-convention-tags-v2 2.11.1+a406e79519
	- fabric-crash-report-info-v1 0.2.29+0af3f5a719
	- fabric-data-attachment-api-v1 1.4.5+6116a37819
	- fabric-data-generation-api-v1 20.2.33+37516cd619
	- fabric-dimensions-v1 4.0.1+65213ef819
	- fabric-entity-events-v1 1.8.0+2b27e0a419
	- fabric-events-interaction-v0 0.7.13+ba9dae0619
	- fabric-game-rule-api-v1 1.0.53+6ced4dd919
	- fabric-gametest-api-v1 2.0.5+6fc22b9919
	- fabric-item-api-v1 11.2.0+3b3cb2e819
	- fabric-item-group-api-v1 4.1.7+def88e3a19
	- fabric-key-binding-api-v1 1.0.47+0af3f5a719
	- fabric-keybindings-v0 0.2.45+df3654b319
	- fabric-language-kotlin 1.13.12+kotlin.2.4.0
	- fabric-lifecycle-events-v1 2.6.0+0865547519
	- fabric-loot-api-v2 3.0.15+3f89f5a519
	- fabric-loot-api-v3 1.0.3+3f89f5a519
	- fabric-message-api-v1 6.0.14+8aaf3aca19
	- fabric-model-loading-api-v1 2.1.0+b4d813fc19
	- fabric-networking-api-v1 4.3.0+c7469b2119
	- fabric-object-builder-api-v1 15.2.1+40875a9319
	- fabric-particles-v1 4.0.2+6573ed8c19
	- fabric-recipe-api-v1 5.0.14+248df81c19
	- fabric-registry-sync-v0 5.3.1+e3eddc2119
	- fabric-renderer-api-v1 3.4.1+b4d813fc19
	- fabric-renderer-indigo 1.7.1+c705a49c19
	- fabric-renderer-registries-v1 3.2.69+df3654b319
	- fabric-rendering-data-attachment-v1 0.3.49+73761d2e19
	- fabric-rendering-fluids-v1 3.1.6+1daea21519
	- fabric-rendering-v0 1.1.72+df3654b319
	- fabric-rendering-v1 5.1.0+ab4c25a019
	- fabric-resource-conditions-api-v1 4.3.0+8dc279b119
	- fabric-resource-loader-v0 1.3.1+5b5275af19
	- fabric-screen-api-v1 2.0.25+8b68f1c719
	- fabric-screen-handler-api-v1 1.3.90+b559734419
	- fabric-sound-api-v1 1.0.23+6573ed8c19
	- fabric-transfer-api-v1 5.4.3+c24bd99419
	- fabric-transitive-access-wideners-v1 6.2.0+45b9699719
	- fabricloader 0.16.14
	- iris 1.8.8+mc1.21.1
	- java 21
	- limlib 13.0.8
	- minecraft 1.21.1
	- mixinextras 0.4.1
	- modmenu 11.0.4
	- sodium 0.6.13+mc1.21.1
[22:33:24] [main/INFO] (FabricLoader/Mixin) SpongePowered MIXIN Subsystem Version=0.8.7 Source=file:/C:/Users/water/.gradle/caches/modules-2/files-2.1/net.fabricmc/sponge-mixin/0.15.5+mixin.0.8.7/22f9eb729e216a091673a574a5906dc1b9027fb3/sponge-mixin-0.15.5+mixin.0.8.7.jar Service=Knot/Fabric Env=CLIENT
[22:33:25] [main/INFO] (FabricLoader/Mixin) Loaded Fabric development mappings for mixin remapper!
[22:33:25] [main/INFO] (FabricLoader/Mixin) Compatibility level set to JAVA_17
[22:33:25] [main/INFO] (FabricLoader/Mixin) Compatibility level set to JAVA_21
[22:33:25] [main/INFO] (Sodium) Loaded configuration file for Sodium: 43 options available, 1 override(s) found
[22:33:25] [main/WARN] (FabricLoader/Mixin) Reference map 'dimdoors.refmap.json' for limlib.mixins.json could not be read. If this is a development environment you can ignore this message
[22:33:25] [main/WARN] (FabricLoader/Mixin) Reference map 'dimdoors.refmap.json' for limlib.fabric.mixins.json could not be read. If this is a development environment you can ignore this message
[22:33:25] [main/WARN] (Sodium) Force-disabling mixin 'features.render.world.sky.FogRendererMixin' as rule 'mixin.features.render.world.sky' (added by mods [iris]) disables it and children
[22:33:25] [main/WARN] (Sodium) Force-disabling mixin 'features.render.world.sky.ClientLevelMixin' as rule 'mixin.features.render.world.sky' (added by mods [iris]) disables it and children
[22:33:25] [main/WARN] (Sodium) Force-disabling mixin 'features.render.world.sky.LevelRendererMixin' as rule 'mixin.features.render.world.sky' (added by mods [iris]) disables it and children
[22:33:26] [main/INFO] (Sodium-GraphicsAdapterProbe) Searching for graphics cards...
[22:33:26] [main/INFO] (Sodium-GraphicsAdapterProbe) Found graphics adapter: AdapterInfo{vendor=NVIDIA, description='NVIDIA GeForce GTX 1080 Ti', adapterType=0x0000030B, openglIcdFilePath='C:\WINDOWS\System32\DriverStore\FileRepository\nv_dispi.inf_amd64_9425e4c3b1ac1c47\nvoglv64.dll', openglIcdVersion=32.0.15.6636}
[22:33:26] [main/WARN] (Sodium-Workarounds) Sodium has applied one or more workarounds to prevent crashes or other issues on your system: [NVIDIA_THREADED_OPTIMIZATIONS_BROKEN]
[22:33:26] [main/WARN] (Sodium-Workarounds) This is not necessarily an issue, but it may result in certain features or optimizations being disabled. You can sometimes fix these issues by upgrading your graphics driver.
[22:33:27] [main/INFO] (FabricLoader/MixinExtras|Service) Initializing MixinExtras via com.llamalad7.mixinextras.service.MixinExtrasServiceImpl(version=0.4.1).
[22:33:29] [Datafixer Bootstrap/INFO] (Minecraft) 226 Datafixer optimizations took 598 milliseconds
[22:33:36] [Render thread/INFO] (Minecraft) Environment: Environment[sessionHost=https://sessionserver.mojang.com, servicesHost=https://api.minecraftservices.com, name=PROD]
[22:33:36] [Render thread/INFO] (Minecraft) Setting user: Player792
[22:33:38] [Render thread/INFO] (Mod Menu/Update Checker) Checking mod updates...
[22:33:38] [ModMenu/Update Checker/Fabric Loader/INFO] (Mod Menu/Update Checker) Update available for 'fabricloader@0.16.14'
[22:33:38] [Render thread/INFO] (Indigo) [Indigo] Different rendering plugin detected; not applying Indigo.
[22:33:38] [Render thread/INFO] (Minecraft) Backend library: LWJGL version 3.3.3-snapshot
[22:33:38] [Render thread/INFO] (Sodium-NvidiaWorkarounds) Modifying process environment to apply workarounds for the NVIDIA graphics driver...
[22:33:38] [ForkJoinPool.commonPool-worker-1/WARN] (Iris) [Iris Update Check] This version doesn't have an update index, skipping.
[22:33:39] [Render thread/INFO] (Minecraft) OpenGL Vendor: NVIDIA Corporation
[22:33:39] [Render thread/INFO] (Minecraft) OpenGL Renderer: NVIDIA GeForce GTX 1080 Ti/PCIe/SSE2
[22:33:39] [Render thread/INFO] (Minecraft) OpenGL Version: 3.2.0 NVIDIA 566.36
[22:33:39] [Render thread/INFO] (Sodium-NvidiaWorkarounds) Modifying OpenGL context to apply workarounds for the NVIDIA graphics driver...
[22:33:39] [Render thread/INFO] (Sodium-NvidiaWorkarounds) Enabling GL_DEBUG_OUTPUT_SYNCHRONOUS to force the NVIDIA driver to disable threadedcommand submission
[22:33:39] [Render thread/INFO] (Iris) Debug functionality is disabled.
[22:33:39] [Render thread/INFO] (Iris) ARB_direct_state_access detected, enabling DSA.
[22:33:39] [Render thread/INFO] (Iris) Shaders are disabled because no valid shaderpack is selected
[22:33:40] [Render thread/INFO] (Iris) Hardware information:
[22:33:40] [Render thread/INFO] (Iris) CPU: 12x Intel(R) Core(TM) i7-8700K CPU @ 3.70GHz
[22:33:40] [Render thread/INFO] (Iris) GPU: NVIDIA GeForce GTX 1080 Ti/PCIe/SSE2 (Supports OpenGL 3.2.0 NVIDIA 566.36)
[22:33:40] [Render thread/INFO] (Iris) OS: Windows 10 (10.0)
[22:33:41] [Render thread/INFO] (Minecraft) Reloading ResourceManager: vanilla, fabric, cloth-config, corners, fabric-api, fabric-api-base, fabric-api-lookup-api-v1, fabric-biome-api-v1, fabric-block-api-v1, fabric-block-view-api-v2, fabric-blockrenderlayer-v1, fabric-client-tags-api-v1, fabric-command-api-v1, fabric-command-api-v2, fabric-commands-v0, fabric-content-registries-v0, fabric-convention-tags-v1, fabric-convention-tags-v2, fabric-crash-report-info-v1, fabric-data-attachment-api-v1, fabric-data-generation-api-v1, fabric-dimensions-v1, fabric-entity-events-v1, fabric-events-interaction-v0, fabric-game-rule-api-v1, fabric-gametest-api-v1, fabric-item-api-v1, fabric-item-group-api-v1, fabric-key-binding-api-v1, fabric-keybindings-v0, fabric-language-kotlin, fabric-lifecycle-events-v1, fabric-loot-api-v2, fabric-loot-api-v3, fabric-message-api-v1, fabric-model-loading-api-v1, fabric-networking-api-v1, fabric-object-builder-api-v1, fabric-particles-v1, fabric-recipe-api-v1, fabric-registry-sync-v0, fabric-renderer-api-v1, fabric-renderer-indigo, fabric-renderer-registries-v1, fabric-rendering-data-attachment-v1, fabric-rendering-fluids-v1, fabric-rendering-v0, fabric-rendering-v1, fabric-resource-conditions-api-v1, fabric-resource-loader-v0, fabric-screen-api-v1, fabric-screen-handler-api-v1, fabric-sound-api-v1, fabric-transfer-api-v1, fabric-transitive-access-wideners-v1, fabricloader, iris, limlib, modmenu, sodium
[22:33:41] [Worker-Main-7/INFO] (Minecraft) Found unifont_all_no_pua-15.1.05.hex, loading
[22:33:42] [Worker-Main-7/INFO] (Minecraft) Found unifont_jp_patch-15.1.05.hex, loading
[22:33:45] [Render thread/WARN] (Minecraft) Missing sound for event: minecraft:item.goat_horn.play
[22:33:45] [Render thread/WARN] (Minecraft) Missing sound for event: minecraft:entity.goat.screaming.horn_break
[22:33:45] [Render thread/INFO] (Minecraft) OpenAL initialized on device OpenAL Soft on Headphones (Arctis GameBuds)
[22:33:45] [Render thread/INFO] (Minecraft) Sound engine started
[22:33:45] [Render thread/INFO] (Minecraft) Created: 1024x512x4 minecraft:textures/atlas/blocks.png-atlas
[22:33:45] [Render thread/INFO] (Minecraft) Created: 256x256x4 minecraft:textures/atlas/signs.png-atlas
[22:33:45] [Render thread/INFO] (Minecraft) Created: 512x512x4 minecraft:textures/atlas/banner_patterns.png-atlas
[22:33:45] [Render thread/INFO] (Minecraft) Created: 512x512x4 minecraft:textures/atlas/shield_patterns.png-atlas
[22:33:45] [Render thread/INFO] (Minecraft) Created: 1024x1024x4 minecraft:textures/atlas/armor_trims.png-atlas
[22:33:45] [Render thread/INFO] (Minecraft) Created: 256x256x4 minecraft:textures/atlas/chest.png-atlas
[22:33:45] [Render thread/INFO] (Minecraft) Created: 128x64x4 minecraft:textures/atlas/decorated_pot.png-atlas
[22:33:45] [Render thread/INFO] (Minecraft) Created: 512x256x4 minecraft:textures/atlas/shulker_boxes.png-atlas
[22:33:45] [Render thread/INFO] (Minecraft) Created: 512x256x4 minecraft:textures/atlas/beds.png-atlas
[22:33:46] [Render thread/INFO] (Minecraft) Created: 512x256x0 minecraft:textures/atlas/particles.png-atlas
[22:33:46] [Render thread/INFO] (Minecraft) Created: 512x256x0 minecraft:textures/atlas/paintings.png-atlas
[22:33:46] [Render thread/INFO] (Minecraft) Created: 256x128x0 minecraft:textures/atlas/mob_effects.png-atlas
[22:33:46] [Render thread/INFO] (Minecraft) Created: 64x64x0 minecraft:textures/atlas/map_decorations.png-atlas
[22:33:46] [Render thread/INFO] (Minecraft) Created: 1024x512x0 minecraft:textures/atlas/gui.png-atlas
[22:33:46] [Render thread/WARN] (Minecraft) Shader rendertype_entity_translucent_emissive could not find sampler named Sampler2 in the specified shader program.
[22:33:46] [Render thread/WARN] (Minecraft) Shader minecraft:rendertype_corners_christmas could not find sampler named Sampler2 in the specified shader program.
[22:33:46] [Render thread/WARN] (Minecraft) Shader minecraft:rendertype_corners_deep_bookshelf could not find uniform named BasicMat in the specified shader program.
[22:33:46] [Render thread/WARN] (Minecraft) Shader minecraft:rendertype_corners_deep_bookshelf could not find uniform named IViewRotMat in the specified shader program.
[22:33:46] [Render thread/WARN] (Minecraft) Shader minecraft:rendertype_corners_deep_bookshelf could not find uniform named GameTime in the specified shader program.
[22:33:46] [Render thread/WARN] (Minecraft) Shader minecraft:rendertype_corners_deep_bookshelf could not find uniform named BooksTopRow in the specified shader program.
[22:33:46] [Render thread/WARN] (Minecraft) Shader minecraft:rendertype_corners_deep_bookshelf could not find uniform named BooksBottomRow in the specified shader program.
[22:33:46] [Render thread/INFO] (Iris) Creating pipeline for dimension minecraft:overworld
[22:33:53] [Render thread/INFO] (Minecraft) Loaded 1290 recipes
[22:33:54] [Render thread/INFO] (Minecraft) Loaded 1403 advancements
[22:33:56] [Render thread/INFO] (BiomeModificationImpl) Applied 0 biome modifications to 0 of 67 new biomes in 2.187 ms
[22:33:56] [Server thread/INFO] (Minecraft) Starting integrated minecraft server version 1.21.1
[22:33:56] [Server thread/INFO] (Minecraft) Generating keypair
[22:33:57] [Server thread/INFO] (Minecraft) Preparing start region for dimension minecraft:overworld
[22:33:58] [Render thread/INFO] (Minecraft) Preparing spawn area: 2%
[22:33:58] [Render thread/INFO] (Minecraft) Time elapsed: 284 ms
[22:33:58] [Server thread/WARN] (TranslationConventionLogWarnings) 
	Dev warning - Untranslated Item Tags detected. Please translate your item tags so other mods such as recipe viewers can properly display your tag's name.
	The format desired is tag.item.<namespace>.<path> for the translation key with slashes in path turned into periods.
	To disable this message, set this system property in your runs: `-Dfabric-tag-conventions-v2.missingTagTranslationWarning=SILENCED`.
	To see individual untranslated item tags found, set the system property to `-Dfabric-tag-conventions-v2.missingTagTranslationWarning=VERBOSE`.
	Default is `SHORT`.

[22:33:58] [Server thread/INFO] (Minecraft) Changing view distance to 12, from 10
[22:33:58] [Server thread/INFO] (Minecraft) Changing simulation distance to 12, from 0
[22:33:59] [Server thread/INFO] (Minecraft) Player792[local:E:05566fdc] logged in with entity id 1 at (-329.5, 63.0, -99.5)
[22:33:59] [Server thread/INFO] (Minecraft) Player792 joined the game
[22:33:59] [Render thread/INFO] (Iris) Reloading pipeline on dimension change: minecraft:overworld => minecraft:overworld
[22:33:59] [Render thread/INFO] (Iris) Destroying pipeline minecraft:overworld
[22:33:59] [Render thread/INFO] (Iris) Creating pipeline for dimension minecraft:overworld
[22:33:59] [Render thread/INFO] (ChunkBuilder) Started 6 worker threads
[22:33:59] [Render thread/INFO] (Minecraft) Loaded 2 advancements
[22:34:08] [Server thread/INFO] (Minecraft) Saving and pausing game...
[22:34:08] [Server thread/INFO] (Minecraft) Saving chunks for level 'ServerLevel[New World]'/minecraft:overworld
[22:34:08] [Server thread/INFO] (Minecraft) Saving chunks for level 'ServerLevel[New World]'/corners:communal_corridors
[22:34:08] [Server thread/INFO] (Minecraft) Saving chunks for level 'ServerLevel[New World]'/minecraft:the_end
[22:34:09] [Server thread/INFO] (Minecraft) Saving chunks for level 'ServerLevel[New World]'/corners:yearning_canal
[22:34:09] [Server thread/INFO] (Minecraft) Saving chunks for level 'ServerLevel[New World]'/corners:hoary_crossroads
[22:34:09] [Server thread/INFO] (Minecraft) Saving chunks for level 'ServerLevel[New World]'/minecraft:the_nether
[22:34:09] [Server thread/INFO] (Minecraft) Player792 lost connection: Disconnected
[22:34:09] [Server thread/INFO] (Minecraft) Player792 left the game
[22:34:09] [Server thread/INFO] (Minecraft) Stopping singleplayer server as player logged out
[22:34:09] [Server thread/INFO] (Minecraft) Stopping server
[22:34:09] [Server thread/INFO] (Minecraft) Saving players
[22:34:09] [Server thread/INFO] (Minecraft) Saving worlds
[22:34:10] [Server thread/INFO] (Minecraft) Saving chunks for level 'ServerLevel[New World]'/minecraft:overworld
[22:34:12] [Server thread/INFO] (Minecraft) Saving chunks for level 'ServerLevel[New World]'/corners:communal_corridors
[22:34:12] [Server thread/INFO] (Minecraft) Saving chunks for level 'ServerLevel[New World]'/minecraft:the_end
[22:34:12] [Server thread/INFO] (Minecraft) Saving chunks for level 'ServerLevel[New World]'/corners:yearning_canal
[22:34:12] [Server thread/INFO] (Minecraft) Saving chunks for level 'ServerLevel[New World]'/corners:hoary_crossroads
[22:34:12] [Server thread/INFO] (Minecraft) Saving chunks for level 'ServerLevel[New World]'/minecraft:the_nether
[22:34:12] [Server thread/INFO] (Minecraft) ThreadedAnvilChunkStorage (New World (1)): All chunks are saved
[22:34:12] [Server thread/INFO] (Minecraft) ThreadedAnvilChunkStorage (communal_corridors): All chunks are saved
[22:34:12] [Server thread/INFO] (Minecraft) ThreadedAnvilChunkStorage (DIM1): All chunks are saved
[22:34:12] [Server thread/INFO] (Minecraft) ThreadedAnvilChunkStorage (yearning_canal): All chunks are saved
[22:34:12] [Server thread/INFO] (Minecraft) ThreadedAnvilChunkStorage (hoary_crossroads): All chunks are saved
[22:34:12] [Server thread/INFO] (Minecraft) ThreadedAnvilChunkStorage (DIM-1): All chunks are saved
[22:34:12] [Server thread/INFO] (Minecraft) ThreadedAnvilChunkStorage: All dimensions are saved
[22:34:12] [Render thread/INFO] (ChunkBuilder) Stopping worker threads
[22:34:16] [Render thread/INFO] (Minecraft) Deleting level New World (1)
[22:34:16] [Render thread/INFO] (Minecraft) Attempt 1...
[22:34:19] [Render thread/INFO] (Minecraft) Deleting level New World
[22:34:19] [Render thread/INFO] (Minecraft) Attempt 1...
[22:34:19] [Render thread/INFO] (Minecraft) Loaded 1290 recipes
[22:34:20] [Render thread/INFO] (Minecraft) Loaded 1403 advancements
[22:34:22] [Render thread/INFO] (Minecraft) Loaded 1290 recipes
[22:34:22] [Render thread/INFO] (Minecraft) Loaded 1403 advancements
[22:34:27] [Render thread/INFO] (BiomeModificationImpl) Applied 0 biome modifications to 0 of 67 new biomes in 287.3 μs
[22:34:27] [Server thread/INFO] (Minecraft) Starting integrated minecraft server version 1.21.1
[22:34:27] [Server thread/INFO] (Minecraft) Generating keypair
[22:34:30] [Server thread/INFO] (Minecraft) Preparing start region for dimension minecraft:overworld
[22:34:30] [Render thread/INFO] (Minecraft) Preparing spawn area: 2%
[22:34:31] [Render thread/INFO] (Minecraft) Preparing spawn area: 2%
[22:34:31] [Render thread/INFO] (Minecraft) Preparing spawn area: 2%
[22:34:32] [Render thread/INFO] (Minecraft) Preparing spawn area: 2%
[22:34:32] [Render thread/INFO] (Minecraft) Preparing spawn area: 18%
[22:34:33] [Render thread/INFO] (Minecraft) Preparing spawn area: 48%
[22:34:33] [Render thread/INFO] (Minecraft) Preparing spawn area: 51%
[22:34:33] [Render thread/INFO] (Minecraft) Preparing spawn area: 51%
[22:34:34] [Render thread/INFO] (Minecraft) Time elapsed: 3786 ms
[22:34:34] [Server thread/WARN] (TranslationConventionLogWarnings) 
	Dev warning - Untranslated Item Tags detected. Please translate your item tags so other mods such as recipe viewers can properly display your tag's name.
	The format desired is tag.item.<namespace>.<path> for the translation key with slashes in path turned into periods.
	To disable this message, set this system property in your runs: `-Dfabric-tag-conventions-v2.missingTagTranslationWarning=SILENCED`.
	To see individual untranslated item tags found, set the system property to `-Dfabric-tag-conventions-v2.missingTagTranslationWarning=VERBOSE`.
	Default is `SHORT`.

[22:34:34] [Server thread/INFO] (Minecraft) Changing view distance to 12, from 10
[22:34:34] [Server thread/INFO] (Minecraft) Changing simulation distance to 12, from 0
[22:34:34] [Server thread/INFO] (Minecraft) Player792[local:E:9cccfad4] logged in with entity id 330 at (9.5, 69.0, -2.5)
[22:34:34] [Server thread/INFO] (Minecraft) Player792 joined the game
[22:34:34] [Render thread/INFO] (Iris) Reloading pipeline on dimension change: minecraft:overworld => minecraft:overworld
[22:34:34] [Render thread/INFO] (Iris) Destroying pipeline minecraft:overworld
[22:34:34] [Render thread/INFO] (Iris) Creating pipeline for dimension minecraft:overworld
[22:34:34] [Render thread/INFO] (ChunkBuilder) Started 6 worker threads
[22:34:34] [Render thread/INFO] (Minecraft) Loaded 2 advancements
[22:34:57] [Server thread/INFO] (Minecraft) Player792 has made the advancement [Backrooms-esque]
[22:34:57] [Render thread/INFO] (Iris) Reloading pipeline on dimension change: minecraft:overworld => corners:communal_corridors
[22:34:57] [Render thread/INFO] (Iris) Destroying pipeline minecraft:overworld
[22:34:57] [Render thread/INFO] (Iris) Creating pipeline for dimension corners:communal_corridors
[22:34:57] [Render thread/INFO] (ChunkBuilder) Stopping worker threads
[22:34:57] [Render thread/INFO] (ChunkBuilder) Started 6 worker threads
[22:34:57] [Render thread/INFO] (ChunkBuilder) Stopping worker threads
[22:34:57] [Render thread/INFO] (ChunkBuilder) Started 6 worker threads
[22:34:57] [Render thread/INFO] (Minecraft) [System] [CHAT] Player792 has made the advancement [Backrooms-esque]
[22:34:57] [Render thread/INFO] (Minecraft) Loaded 4 advancements
[22:34:57] [Render thread/INFO] (Minecraft) Loaded 4 advancements
[22:35:21] [Server thread/INFO] (Minecraft) Saving and pausing game...
[22:35:21] [Server thread/INFO] (Minecraft) Saving chunks for level 'ServerLevel[New World]'/minecraft:overworld
[22:35:21] [Server thread/INFO] (Minecraft) Saving chunks for level 'ServerLevel[New World]'/corners:communal_corridors
[22:35:21] [Server thread/INFO] (Minecraft) Saving chunks for level 'ServerLevel[New World]'/minecraft:the_end
[22:35:21] [Server thread/INFO] (Minecraft) Saving chunks for level 'ServerLevel[New World]'/corners:yearning_canal
[22:35:21] [Server thread/INFO] (Minecraft) Saving chunks for level 'ServerLevel[New World]'/corners:hoary_crossroads
[22:35:21] [Server thread/INFO] (Minecraft) Saving chunks for level 'ServerLevel[New World]'/minecraft:the_nether
[22:35:36] [Server thread/INFO] (Minecraft) Saving and pausing game...
[22:35:36] [Server thread/INFO] (Minecraft) Saving chunks for level 'ServerLevel[New World]'/minecraft:overworld
[22:35:36] [Server thread/INFO] (Minecraft) Saving chunks for level 'ServerLevel[New World]'/corners:communal_corridors
[22:35:36] [Server thread/INFO] (Minecraft) Saving chunks for level 'ServerLevel[New World]'/minecraft:the_end
[22:35:36] [Server thread/INFO] (Minecraft) Saving chunks for level 'ServerLevel[New World]'/corners:yearning_canal
[22:35:36] [Server thread/INFO] (Minecraft) Saving chunks for level 'ServerLevel[New World]'/corners:hoary_crossroads
[22:35:36] [Server thread/INFO] (Minecraft) Saving chunks for level 'ServerLevel[New World]'/minecraft:the_nether
[22:37:02] [Server thread/INFO] (Minecraft) Player792 has made the advancement [Tears of Void]
[22:37:02] [Render thread/INFO] (Iris) Reloading pipeline on dimension change: corners:communal_corridors => corners:yearning_canal
[22:37:02] [Render thread/INFO] (Iris) Destroying pipeline corners:communal_corridors
[22:37:02] [Render thread/INFO] (Iris) Creating pipeline for dimension corners:yearning_canal
[22:37:02] [Render thread/INFO] (ChunkBuilder) Stopping worker threads
[22:37:02] [Render thread/INFO] (ChunkBuilder) Started 6 worker threads
[22:37:02] [Render thread/INFO] (ChunkBuilder) Stopping worker threads
[22:37:02] [Render thread/INFO] (ChunkBuilder) Started 6 worker threads
[22:37:02] [Render thread/INFO] (Minecraft) [System] [CHAT] Player792 has made the advancement [Tears of Void]
[22:37:11] [Server thread/WARN] (Minecraft) Can't keep up! Is the server overloaded? Running 8532ms or 170 ticks behind
[22:37:11] [Render thread/INFO] (Minecraft) Loaded 5 advancements
[22:38:58] [Server thread/INFO] (Minecraft) Player792 has made the advancement [Unabridged Road]
[22:38:58] [Render thread/INFO] (Iris) Reloading pipeline on dimension change: corners:yearning_canal => corners:hoary_crossroads
[22:38:58] [Render thread/INFO] (Iris) Destroying pipeline corners:yearning_canal
[22:38:58] [Render thread/INFO] (Iris) Creating pipeline for dimension corners:hoary_crossroads
[22:38:58] [Render thread/INFO] (ChunkBuilder) Stopping worker threads
[22:38:58] [Render thread/INFO] (ChunkBuilder) Started 6 worker threads
[22:38:58] [Render thread/INFO] (ChunkBuilder) Stopping worker threads
[22:38:58] [Render thread/INFO] (ChunkBuilder) Started 6 worker threads
[22:38:58] [Render thread/INFO] (Minecraft) [System] [CHAT] Player792 has made the advancement [Unabridged Road]
[22:38:59] [Render thread/INFO] (Minecraft) Loaded 6 advancements
[22:39:23] [Render thread/INFO] (Iris) Reloading pipeline on dimension change: corners:hoary_crossroads => corners:communal_corridors
[22:39:23] [Render thread/INFO] (Iris) Destroying pipeline corners:hoary_crossroads
[22:39:23] [Render thread/INFO] (Iris) Creating pipeline for dimension corners:communal_corridors
[22:39:23] [Render thread/INFO] (ChunkBuilder) Stopping worker threads
[22:39:23] [Render thread/INFO] (ChunkBuilder) Started 6 worker threads
[22:39:23] [Render thread/INFO] (ChunkBuilder) Stopping worker threads
[22:39:23] [Render thread/INFO] (ChunkBuilder) Started 6 worker threads
[22:39:32] [Server thread/INFO] (Minecraft) Saving and pausing game...
[22:39:33] [Server thread/INFO] (Minecraft) Saving chunks for level 'ServerLevel[New World]'/minecraft:overworld
[22:39:33] [Server thread/INFO] (Minecraft) Saving chunks for level 'ServerLevel[New World]'/corners:communal_corridors
[22:39:33] [Server thread/INFO] (Minecraft) Saving chunks for level 'ServerLevel[New World]'/minecraft:the_end
[22:39:33] [Server thread/INFO] (Minecraft) Saving chunks for level 'ServerLevel[New World]'/corners:yearning_canal
[22:39:34] [Server thread/INFO] (Minecraft) Saving chunks for level 'ServerLevel[New World]'/corners:hoary_crossroads
[22:39:34] [Server thread/INFO] (Minecraft) Saving chunks for level 'ServerLevel[New World]'/minecraft:the_nether
[22:39:34] [Server thread/INFO] (Minecraft) Player792 lost connection: Disconnected
[22:39:34] [Server thread/INFO] (Minecraft) Player792 left the game
[22:39:34] [Server thread/INFO] (Minecraft) Stopping singleplayer server as player logged out
[22:39:34] [Server thread/INFO] (Minecraft) Stopping server
[22:39:34] [Server thread/INFO] (Minecraft) Saving players
[22:39:34] [Server thread/INFO] (Minecraft) Saving worlds
[22:39:35] [Server thread/INFO] (Minecraft) Saving chunks for level 'ServerLevel[New World]'/minecraft:overworld
[22:39:38] [Server thread/INFO] (Minecraft) Saving chunks for level 'ServerLevel[New World]'/corners:communal_corridors
[22:39:42] [Server thread/INFO] (Minecraft) Saving chunks for level 'ServerLevel[New World]'/minecraft:the_end
[22:39:42] [Server thread/INFO] (Minecraft) Saving chunks for level 'ServerLevel[New World]'/corners:yearning_canal
[22:39:42] [Server thread/INFO] (Minecraft) Saving chunks for level 'ServerLevel[New World]'/corners:hoary_crossroads
[22:39:42] [Server thread/INFO] (Minecraft) Saving chunks for level 'ServerLevel[New World]'/minecraft:the_nether
[22:39:42] [Server thread/INFO] (Minecraft) ThreadedAnvilChunkStorage (New World): All chunks are saved
[22:39:42] [Server thread/INFO] (Minecraft) ThreadedAnvilChunkStorage (communal_corridors): All chunks are saved
[22:39:42] [Server thread/INFO] (Minecraft) ThreadedAnvilChunkStorage (DIM1): All chunks are saved
[22:39:42] [Server thread/INFO] (Minecraft) ThreadedAnvilChunkStorage (yearning_canal): All chunks are saved
[22:39:42] [Server thread/INFO] (Minecraft) ThreadedAnvilChunkStorage (hoary_crossroads): All chunks are saved
[22:39:42] [Server thread/INFO] (Minecraft) ThreadedAnvilChunkStorage (DIM-1): All chunks are saved
[22:39:42] [Server thread/INFO] (Minecraft) ThreadedAnvilChunkStorage: All dimensions are saved
[22:39:44] [Render thread/INFO] (ChunkBuilder) Stopping worker threads
[22:39:44] [Render thread/INFO] (Minecraft) Stopping!
